// Jest Snapshot v1, https://goo.gl/fbAQLP

exports[`Layout renders children correctly 1`] = `
<DocumentFragment>
  <div>
    <div
      class="child"
    />
  </div>
</DocumentFragment>
`;
